<?xml version="1.0" encoding="utf-8"?>
<CourseData>
  <IOFVersion version="2.0.3" />
  <ModifyDate>
    <Date>2018-11-02</Date>
    <Clock>10:48</Clock>
  </ModifyDate>
  <Map>
    <Scale>10000</Scale>
    <MapPosition x="-22" y="-54" />
  </Map>
  <StartPoint>
    <StartPointCode>STA1</StartPointCode>
    <MapPosition x="2.78" y="4.89" />
  </StartPoint>
  <Control>
    <ControlCode>31</ControlCode>
    <MapPosition x="18.65" y="4.37" />
  </Control>
  <Control>
    <ControlCode>32</ControlCode>
    <MapPosition x="39.55" y="4.1" />
  </Control>
  <Control>
    <ControlCode>33</ControlCode>
    <MapPosition x="59.13" y="-10.72" />
  </Control>
  <Control>
    <ControlCode>35</ControlCode>
    <MapPosition x="102.79" y="6.48" />
  </Control>
  <Control>
    <ControlCode>36</ControlCode>
    <MapPosition x="127.66" y="6.22" />
  </Control>
  <Control>
    <ControlCode>37</ControlCode>
    <MapPosition x="148.3" y="7.28" />
  </Control>
  <Control>
    <ControlCode>38</ControlCode>
    <MapPosition x="169.47" y="8.6" />
  </Control>
  <Control>
    <ControlCode>39</ControlCode>
    <MapPosition x="185.34" y="9.66" />
  </Control>
  <Control>
    <ControlCode>40</ControlCode>
    <MapPosition x="44.32" y="28.71" />
  </Control>
  <Control>
    <ControlCode>41</ControlCode>
    <MapPosition x="60.99" y="35.06" />
  </Control>
  <Control>
    <ControlCode>42</ControlCode>
    <MapPosition x="65.75" y="24.47" />
  </Control>
  <Control>
    <ControlCode>43</ControlCode>
    <MapPosition x="87.44" y="30.29" />
  </Control>
  <Control>
    <ControlCode>45</ControlCode>
    <MapPosition x="99.88" y="-40.08" />
  </Control>
  <Control>
    <ControlCode>46</ControlCode>
    <MapPosition x="61.25" y="-40.08" />
  </Control>
  <Control>
    <ControlCode>47</ControlCode>
    <MapPosition x="96.44" y="-19.18" />
  </Control>
  <Control>
    <ControlCode>48</ControlCode>
    <MapPosition x="72.89" y="-10.19" />
  </Control>
  <Control>
    <ControlCode>49</ControlCode>
    <MapPosition x="176.34" y="22.36" />
  </Control>
  <Control>
    <ControlCode>50</ControlCode>
    <MapPosition x="176.61" y="-1.19" />
  </Control>
  <Control>
    <ControlCode>51</ControlCode>
    <MapPosition x="177.93" y="-18.39" />
  </Control>
  <Control>
    <ControlCode>52</ControlCode>
    <MapPosition x="67.07" y="71.31" />
  </Control>
  <FinishPoint>
    <FinishPointCode>FIN1</FinishPointCode>
    <MapPosition x="240.64" y="2.51" />
  </FinishPoint>
  <Course>
    <CourseName>Two Part</CourseName>
    <CourseId>0</CourseId>
    <ClassShortName>M12</ClassShortName>
    <ClassShortName>F12</ClassShortName>
    <CourseVariation>
      <CourseVariationId>0</CourseVariationId>
      <CourseLength>3100</CourseLength>
      <StartPointCode>STA1</StartPointCode>
      <CourseControl>
        <Sequence>1</Sequence>
        <ControlCode>40</ControlCode>
        <LegLength>479</LegLength>
      </CourseControl>
      <CourseControl>
        <Sequence>2</Sequence>
        <ControlCode>52</ControlCode>
        <LegLength>483</LegLength>
      </CourseControl>
      <CourseControl>
        <Sequence>3</Sequence>
        <ControlCode>43</ControlCode>
        <LegLength>458</LegLength>
      </CourseControl>
      <CourseControl>
        <Sequence>4</Sequence>
        <ControlCode>36</ControlCode>
        <LegLength>522</LegLength>
      </CourseControl>
      <CourseControl>
        <Sequence>5</Sequence>
        <ControlCode>49</ControlCode>
        <LegLength>513</LegLength>
      </CourseControl>
      <FinishPointCode>FIN1</FinishPointCode>
      <DistanceToFinish>673</DistanceToFinish>
    </CourseVariation>
  </Course>
  <Course>
    <CourseName>NestedBranch</CourseName>
    <CourseId>1</CourseId>
    <ClassShortName>M14</ClassShortName>
    <ClassShortName>F14</ClassShortName>
    <CourseVariation>
      <CourseVariationId>0</CourseVariationId>
      <Name>AE</Name>
      <CourseLength>2400</CourseLength>
      <StartPointCode>STA1</StartPointCode>
      <CourseControl>
        <Sequence>1</Sequence>
        <ControlCode>31</ControlCode>
        <LegLength>159</LegLength>
      </CourseControl>
      <CourseControl>
        <Sequence>2</Sequence>
        <ControlCode>48</ControlCode>
        <LegLength>562</LegLength>
      </CourseControl>
      <CourseControl>
        <Sequence>3</Sequence>
        <ControlCode>35</ControlCode>
        <LegLength>342</LegLength>
      </CourseControl>
      <CourseControl>
        <Sequence>4</Sequence>
        <ControlCode>36</ControlCode>
        <LegLength>249</LegLength>
      </CourseControl>
      <CourseControl>
        <Sequence>5</Sequence>
        <ControlCode>38</ControlCode>
        <LegLength>419</LegLength>
      </CourseControl>
      <FinishPointCode>FIN1</FinishPointCode>
      <DistanceToFinish>714</DistanceToFinish>
    </CourseVariation>
    <CourseVariation>
      <CourseVariationId>1</CourseVariationId>
      <Name>AF</Name>
      <CourseLength>2500</CourseLength>
      <StartPointCode>STA1</StartPointCode>
      <CourseControl>
        <Sequence>1</Sequence>
        <ControlCode>31</ControlCode>
        <LegLength>159</LegLength>
      </CourseControl>
      <CourseControl>
        <Sequence>2</Sequence>
        <ControlCode>48</ControlCode>
        <LegLength>562</LegLength>
      </CourseControl>
      <CourseControl>
        <Sequence>3</Sequence>
        <ControlCode>47</ControlCode>
        <LegLength>252</LegLength>
      </CourseControl>
      <CourseControl>
        <Sequence>4</Sequence>
        <ControlCode>36</ControlCode>
        <LegLength>402</LegLength>
      </CourseControl>
      <CourseControl>
        <Sequence>5</Sequence>
        <ControlCode>38</ControlCode>
        <LegLength>419</LegLength>
      </CourseControl>
      <FinishPointCode>FIN1</FinishPointCode>
      <DistanceToFinish>714</DistanceToFinish>
    </CourseVariation>
    <CourseVariation>
      <CourseVariationId>2</CourseVariationId>
      <Name>AG</Name>
      <CourseLength>2800</CourseLength>
      <StartPointCode>STA1</StartPointCode>
      <CourseControl>
        <Sequence>1</Sequence>
        <ControlCode>31</ControlCode>
        <LegLength>159</LegLength>
      </CourseControl>
      <CourseControl>
        <Sequence>2</Sequence>
        <ControlCode>48</ControlCode>
        <LegLength>562</LegLength>
      </CourseControl>
      <CourseControl>
        <Sequence>3</Sequence>
        <ControlCode>45</ControlCode>
        <LegLength>403</LegLength>
      </CourseControl>
      <CourseControl>
        <Sequence>4</Sequence>
        <ControlCode>36</ControlCode>
        <LegLength>540</LegLength>
      </CourseControl>
      <CourseControl>
        <Sequence>5</Sequence>
        <ControlCode>38</ControlCode>
        <LegLength>419</LegLength>
      </CourseControl>
      <FinishPointCode>FIN1</FinishPointCode>
      <DistanceToFinish>714</DistanceToFinish>
    </CourseVariation>
    <CourseVariation>
      <CourseVariationId>3</CourseVariationId>
      <Name>BC</Name>
      <CourseLength>2500</CourseLength>
      <StartPointCode>STA1</StartPointCode>
      <CourseControl>
        <Sequence>1</Sequence>
        <ControlCode>31</ControlCode>
        <LegLength>159</LegLength>
      </CourseControl>
      <CourseControl>
        <Sequence>2</Sequence>
        <ControlCode>40</ControlCode>
        <LegLength>354</LegLength>
      </CourseControl>
      <CourseControl>
        <Sequence>3</Sequence>
        <ControlCode>41</ControlCode>
        <LegLength>178</LegLength>
      </CourseControl>
      <CourseControl>
        <Sequence>4</Sequence>
        <ControlCode>43</ControlCode>
        <LegLength>269</LegLength>
      </CourseControl>
      <CourseControl>
        <Sequence>5</Sequence>
        <ControlCode>38</ControlCode>
        <LegLength>848</LegLength>
      </CourseControl>
      <FinishPointCode>FIN1</FinishPointCode>
      <DistanceToFinish>714</DistanceToFinish>
    </CourseVariation>
    <CourseVariation>
      <CourseVariationId>4</CourseVariationId>
      <Name>BD</Name>
      <CourseLength>2500</CourseLength>
      <StartPointCode>STA1</StartPointCode>
      <CourseControl>
        <Sequence>1</Sequence>
        <ControlCode>31</ControlCode>
        <LegLength>159</LegLength>
      </CourseControl>
      <CourseControl>
        <Sequence>2</Sequence>
        <ControlCode>40</ControlCode>
        <LegLength>354</LegLength>
      </CourseControl>
      <CourseControl>
        <Sequence>3</Sequence>
        <ControlCode>42</ControlCode>
        <LegLength>218</LegLength>
      </CourseControl>
      <CourseControl>
        <Sequence>4</Sequence>
        <ControlCode>43</ControlCode>
        <LegLength>225</LegLength>
      </CourseControl>
      <CourseControl>
        <Sequence>5</Sequence>
        <ControlCode>38</ControlCode>
        <LegLength>848</LegLength>
      </CourseControl>
      <FinishPointCode>FIN1</FinishPointCode>
      <DistanceToFinish>714</DistanceToFinish>
    </CourseVariation>
  </Course>
  <Course>
    <CourseName>DoubleBranch</CourseName>
    <CourseId>2</CourseId>
    <ClassShortName>M16</ClassShortName>
    <ClassShortName>F16</ClassShortName>
    <CourseVariation>
      <CourseVariationId>0</CourseVariationId>
      <Name>AC</Name>
      <CourseLength>2500</CourseLength>
      <StartPointCode>STA1</StartPointCode>
      <CourseControl>
        <Sequence>1</Sequence>
        <ControlCode>31</ControlCode>
        <LegLength>159</LegLength>
      </CourseControl>
      <CourseControl>
        <Sequence>2</Sequence>
        <ControlCode>48</ControlCode>
        <LegLength>562</LegLength>
      </CourseControl>
      <CourseControl>
        <Sequence>3</Sequence>
        <ControlCode>36</ControlCode>
        <LegLength>572</LegLength>
      </CourseControl>
      <CourseControl>
        <Sequence>4</Sequence>
        <ControlCode>38</ControlCode>
        <LegLength>419</LegLength>
      </CourseControl>
      <CourseControl>
        <Sequence>5</Sequence>
        <ControlCode>50</ControlCode>
        <LegLength>121</LegLength>
      </CourseControl>
      <CourseControl>
        <Sequence>6</Sequence>
        <ControlCode>39</ControlCode>
        <LegLength>139</LegLength>
      </CourseControl>
      <FinishPointCode>FIN1</FinishPointCode>
      <DistanceToFinish>558</DistanceToFinish>
    </CourseVariation>
    <CourseVariation>
      <CourseVariationId>1</CourseVariationId>
      <Name>AD</Name>
      <CourseLength>2400</CourseLength>
      <StartPointCode>STA1</StartPointCode>
      <CourseControl>
        <Sequence>1</Sequence>
        <ControlCode>31</ControlCode>
        <LegLength>159</LegLength>
      </CourseControl>
      <CourseControl>
        <Sequence>2</Sequence>
        <ControlCode>48</ControlCode>
        <LegLength>562</LegLength>
      </CourseControl>
      <CourseControl>
        <Sequence>3</Sequence>
        <ControlCode>36</ControlCode>
        <LegLength>572</LegLength>
      </CourseControl>
      <CourseControl>
        <Sequence>4</Sequence>
        <ControlCode>38</ControlCode>
        <LegLength>419</LegLength>
      </CourseControl>
      <CourseControl>
        <Sequence>5</Sequence>
        <ControlCode>39</ControlCode>
        <LegLength>159</LegLength>
      </CourseControl>
      <FinishPointCode>FIN1</FinishPointCode>
      <DistanceToFinish>558</DistanceToFinish>
    </CourseVariation>
    <CourseVariation>
      <CourseVariationId>2</CourseVariationId>
      <Name>AE</Name>
      <CourseLength>2600</CourseLength>
      <StartPointCode>STA1</StartPointCode>
      <CourseControl>
        <Sequence>1</Sequence>
        <ControlCode>31</ControlCode>
        <LegLength>159</LegLength>
      </CourseControl>
      <CourseControl>
        <Sequence>2</Sequence>
        <ControlCode>48</ControlCode>
        <LegLength>562</LegLength>
      </CourseControl>
      <CourseControl>
        <Sequence>3</Sequence>
        <ControlCode>36</ControlCode>
        <LegLength>572</LegLength>
      </CourseControl>
      <CourseControl>
        <Sequence>4</Sequence>
        <ControlCode>38</ControlCode>
        <LegLength>419</LegLength>
      </CourseControl>
      <CourseControl>
        <Sequence>5</Sequence>
        <ControlCode>49</ControlCode>
        <LegLength>154</LegLength>
      </CourseControl>
      <CourseControl>
        <Sequence>6</Sequence>
        <ControlCode>39</ControlCode>
        <LegLength>156</LegLength>
      </CourseControl>
      <FinishPointCode>FIN1</FinishPointCode>
      <DistanceToFinish>558</DistanceToFinish>
    </CourseVariation>
    <CourseVariation>
      <CourseVariationId>3</CourseVariationId>
      <Name>BC</Name>
      <CourseLength>2600</CourseLength>
      <StartPointCode>STA1</StartPointCode>
      <CourseControl>
        <Sequence>1</Sequence>
        <ControlCode>31</ControlCode>
        <LegLength>159</LegLength>
      </CourseControl>
      <CourseControl>
        <Sequence>2</Sequence>
        <ControlCode>40</ControlCode>
        <LegLength>354</LegLength>
      </CourseControl>
      <CourseControl>
        <Sequence>3</Sequence>
        <ControlCode>43</ControlCode>
        <LegLength>432</LegLength>
      </CourseControl>
      <CourseControl>
        <Sequence>4</Sequence>
        <ControlCode>38</ControlCode>
        <LegLength>848</LegLength>
      </CourseControl>
      <CourseControl>
        <Sequence>5</Sequence>
        <ControlCode>50</ControlCode>
        <LegLength>121</LegLength>
      </CourseControl>
      <CourseControl>
        <Sequence>6</Sequence>
        <ControlCode>39</ControlCode>
        <LegLength>139</LegLength>
      </CourseControl>
      <FinishPointCode>FIN1</FinishPointCode>
      <DistanceToFinish>558</DistanceToFinish>
    </CourseVariation>
    <CourseVariation>
      <CourseVariationId>4</CourseVariationId>
      <Name>BD</Name>
      <CourseLength>2500</CourseLength>
      <StartPointCode>STA1</StartPointCode>
      <CourseControl>
        <Sequence>1</Sequence>
        <ControlCode>31</ControlCode>
        <LegLength>159</LegLength>
      </CourseControl>
      <CourseControl>
        <Sequence>2</Sequence>
        <ControlCode>40</ControlCode>
        <LegLength>354</LegLength>
      </CourseControl>
      <CourseControl>
        <Sequence>3</Sequence>
        <ControlCode>43</ControlCode>
        <LegLength>432</LegLength>
      </CourseControl>
      <CourseControl>
        <Sequence>4</Sequence>
        <ControlCode>38</ControlCode>
        <LegLength>848</LegLength>
      </CourseControl>
      <CourseControl>
        <Sequence>5</Sequence>
        <ControlCode>39</ControlCode>
        <LegLength>159</LegLength>
      </CourseControl>
      <FinishPointCode>FIN1</FinishPointCode>
      <DistanceToFinish>558</DistanceToFinish>
    </CourseVariation>
    <CourseVariation>
      <CourseVariationId>5</CourseVariationId>
      <Name>BE</Name>
      <CourseLength>2700</CourseLength>
      <StartPointCode>STA1</StartPointCode>
      <CourseControl>
        <Sequence>1</Sequence>
        <ControlCode>31</ControlCode>
        <LegLength>159</LegLength>
      </CourseControl>
      <CourseControl>
        <Sequence>2</Sequence>
        <ControlCode>40</ControlCode>
        <LegLength>354</LegLength>
      </CourseControl>
      <CourseControl>
        <Sequence>3</Sequence>
        <ControlCode>43</ControlCode>
        <LegLength>432</LegLength>
      </CourseControl>
      <CourseControl>
        <Sequence>4</Sequence>
        <ControlCode>38</ControlCode>
        <LegLength>848</LegLength>
      </CourseControl>
      <CourseControl>
        <Sequence>5</Sequence>
        <ControlCode>49</ControlCode>
        <LegLength>154</LegLength>
      </CourseControl>
      <CourseControl>
        <Sequence>6</Sequence>
        <ControlCode>39</ControlCode>
        <LegLength>156</LegLength>
      </CourseControl>
      <FinishPointCode>FIN1</FinishPointCode>
      <DistanceToFinish>558</DistanceToFinish>
    </CourseVariation>
  </Course>
  <Course>
    <CourseName>ThreeLoop</CourseName>
    <CourseId>3</CourseId>
    <ClassShortName>M18</ClassShortName>
    <ClassShortName>F18</ClassShortName>
    <CourseVariation>
      <CourseVariationId>0</CourseVariationId>
      <Name>ABC</Name>
      <CourseLength>6600</CourseLength>
      <StartPointCode>STA1</StartPointCode>
      <CourseControl>
        <Sequence>1</Sequence>
        <ControlCode>31</ControlCode>
        <LegLength>159</LegLength>
      </CourseControl>
      <CourseControl>
        <Sequence>2</Sequence>
        <ControlCode>46</ControlCode>
        <LegLength>616</LegLength>
      </CourseControl>
      <CourseControl>
        <Sequence>3</Sequence>
        <ControlCode>33</ControlCode>
        <LegLength>294</LegLength>
      </CourseControl>
      <CourseControl>
        <Sequence>4</Sequence>
        <ControlCode>32</ControlCode>
        <LegLength>246</LegLength>
      </CourseControl>
      <CourseControl>
        <Sequence>5</Sequence>
        <ControlCode>31</ControlCode>
        <LegLength>209</LegLength>
      </CourseControl>
      <CourseControl>
        <Sequence>6</Sequence>
        <ControlCode>40</ControlCode>
        <LegLength>354</LegLength>
      </CourseControl>
      <CourseControl>
        <Sequence>7</Sequence>
        <ControlCode>32</ControlCode>
        <LegLength>251</LegLength>
      </CourseControl>
      <CourseControl>
        <Sequence>8</Sequence>
        <ControlCode>31</ControlCode>
        <LegLength>209</LegLength>
      </CourseControl>
      <CourseControl>
        <Sequence>9</Sequence>
        <ControlCode>52</ControlCode>
        <LegLength>826</LegLength>
      </CourseControl>
      <CourseControl>
        <Sequence>10</Sequence>
        <ControlCode>43</ControlCode>
        <LegLength>458</LegLength>
      </CourseControl>
      <CourseControl>
        <Sequence>11</Sequence>
        <ControlCode>42</ControlCode>
        <LegLength>225</LegLength>
      </CourseControl>
      <CourseControl>
        <Sequence>12</Sequence>
        <ControlCode>31</ControlCode>
        <LegLength>512</LegLength>
      </CourseControl>
      <FinishPointCode>FIN1</FinishPointCode>
      <DistanceToFinish>2220</DistanceToFinish>
    </CourseVariation>
    <CourseVariation>
      <CourseVariationId>1</CourseVariationId>
      <Name>ACB</Name>
      <CourseLength>6600</CourseLength>
      <StartPointCode>STA1</StartPointCode>
      <CourseControl>
        <Sequence>1</Sequence>
        <ControlCode>31</ControlCode>
        <LegLength>159</LegLength>
      </CourseControl>
      <CourseControl>
        <Sequence>2</Sequence>
        <ControlCode>46</ControlCode>
        <LegLength>616</LegLength>
      </CourseControl>
      <CourseControl>
        <Sequence>3</Sequence>
        <ControlCode>33</ControlCode>
        <LegLength>294</LegLength>
      </CourseControl>
      <CourseControl>
        <Sequence>4</Sequence>
        <ControlCode>32</ControlCode>
        <LegLength>246</LegLength>
      </CourseControl>
      <CourseControl>
        <Sequence>5</Sequence>
        <ControlCode>31</ControlCode>
        <LegLength>209</LegLength>
      </CourseControl>
      <CourseControl>
        <Sequence>6</Sequence>
        <ControlCode>52</ControlCode>
        <LegLength>826</LegLength>
      </CourseControl>
      <CourseControl>
        <Sequence>7</Sequence>
        <ControlCode>43</ControlCode>
        <LegLength>458</LegLength>
      </CourseControl>
      <CourseControl>
        <Sequence>8</Sequence>
        <ControlCode>42</ControlCode>
        <LegLength>225</LegLength>
      </CourseControl>
      <CourseControl>
        <Sequence>9</Sequence>
        <ControlCode>31</ControlCode>
        <LegLength>512</LegLength>
      </CourseControl>
      <CourseControl>
        <Sequence>10</Sequence>
        <ControlCode>40</ControlCode>
        <LegLength>354</LegLength>
      </CourseControl>
      <CourseControl>
        <Sequence>11</Sequence>
        <ControlCode>32</ControlCode>
        <LegLength>251</LegLength>
      </CourseControl>
      <CourseControl>
        <Sequence>12</Sequence>
        <ControlCode>31</ControlCode>
        <LegLength>209</LegLength>
      </CourseControl>
      <FinishPointCode>FIN1</FinishPointCode>
      <DistanceToFinish>2220</DistanceToFinish>
    </CourseVariation>
    <CourseVariation>
      <CourseVariationId>2</CourseVariationId>
      <Name>BAC</Name>
      <CourseLength>6600</CourseLength>
      <StartPointCode>STA1</StartPointCode>
      <CourseControl>
        <Sequence>1</Sequence>
        <ControlCode>31</ControlCode>
        <LegLength>159</LegLength>
      </CourseControl>
      <CourseControl>
        <Sequence>2</Sequence>
        <ControlCode>40</ControlCode>
        <LegLength>354</LegLength>
      </CourseControl>
      <CourseControl>
        <Sequence>3</Sequence>
        <ControlCode>32</ControlCode>
        <LegLength>251</LegLength>
      </CourseControl>
      <CourseControl>
        <Sequence>4</Sequence>
        <ControlCode>31</ControlCode>
        <LegLength>209</LegLength>
      </CourseControl>
      <CourseControl>
        <Sequence>5</Sequence>
        <ControlCode>46</ControlCode>
        <LegLength>616</LegLength>
      </CourseControl>
      <CourseControl>
        <Sequence>6</Sequence>
        <ControlCode>33</ControlCode>
        <LegLength>294</LegLength>
      </CourseControl>
      <CourseControl>
        <Sequence>7</Sequence>
        <ControlCode>32</ControlCode>
        <LegLength>246</LegLength>
      </CourseControl>
      <CourseControl>
        <Sequence>8</Sequence>
        <ControlCode>31</ControlCode>
        <LegLength>209</LegLength>
      </CourseControl>
      <CourseControl>
        <Sequence>9</Sequence>
        <ControlCode>52</ControlCode>
        <LegLength>826</LegLength>
      </CourseControl>
      <CourseControl>
        <Sequence>10</Sequence>
        <ControlCode>43</ControlCode>
        <LegLength>458</LegLength>
      </CourseControl>
      <CourseControl>
        <Sequence>11</Sequence>
        <ControlCode>42</ControlCode>
        <LegLength>225</LegLength>
      </CourseControl>
      <CourseControl>
        <Sequence>12</Sequence>
        <ControlCode>31</ControlCode>
        <LegLength>512</LegLength>
      </CourseControl>
      <FinishPointCode>FIN1</FinishPointCode>
      <DistanceToFinish>2220</DistanceToFinish>
    </CourseVariation>
    <CourseVariation>
      <CourseVariationId>3</CourseVariationId>
      <Name>BCA</Name>
      <CourseLength>6600</CourseLength>
      <StartPointCode>STA1</StartPointCode>
      <CourseControl>
        <Sequence>1</Sequence>
        <ControlCode>31</ControlCode>
        <LegLength>159</LegLength>
      </CourseControl>
      <CourseControl>
        <Sequence>2</Sequence>
        <ControlCode>40</ControlCode>
        <LegLength>354</LegLength>
      </CourseControl>
      <CourseControl>
        <Sequence>3</Sequence>
        <ControlCode>32</ControlCode>
        <LegLength>251</LegLength>
      </CourseControl>
      <CourseControl>
        <Sequence>4</Sequence>
        <ControlCode>31</ControlCode>
        <LegLength>209</LegLength>
      </CourseControl>
      <CourseControl>
        <Sequence>5</Sequence>
        <ControlCode>52</ControlCode>
        <LegLength>826</LegLength>
      </CourseControl>
      <CourseControl>
        <Sequence>6</Sequence>
        <ControlCode>43</ControlCode>
        <LegLength>458</LegLength>
      </CourseControl>
      <CourseControl>
        <Sequence>7</Sequence>
        <ControlCode>42</ControlCode>
        <LegLength>225</LegLength>
      </CourseControl>
      <CourseControl>
        <Sequence>8</Sequence>
        <ControlCode>31</ControlCode>
        <LegLength>512</LegLength>
      </CourseControl>
      <CourseControl>
        <Sequence>9</Sequence>
        <ControlCode>46</ControlCode>
        <LegLength>616</LegLength>
      </CourseControl>
      <CourseControl>
        <Sequence>10</Sequence>
        <ControlCode>33</ControlCode>
        <LegLength>294</LegLength>
      </CourseControl>
      <CourseControl>
        <Sequence>11</Sequence>
        <ControlCode>32</ControlCode>
        <LegLength>246</LegLength>
      </CourseControl>
      <CourseControl>
        <Sequence>12</Sequence>
        <ControlCode>31</ControlCode>
        <LegLength>209</LegLength>
      </CourseControl>
      <FinishPointCode>FIN1</FinishPointCode>
      <DistanceToFinish>2220</DistanceToFinish>
    </CourseVariation>
    <CourseVariation>
      <CourseVariationId>4</CourseVariationId>
      <Name>CAB</Name>
      <CourseLength>6600</CourseLength>
      <StartPointCode>STA1</StartPointCode>
      <CourseControl>
        <Sequence>1</Sequence>
        <ControlCode>31</ControlCode>
        <LegLength>159</LegLength>
      </CourseControl>
      <CourseControl>
        <Sequence>2</Sequence>
        <ControlCode>52</ControlCode>
        <LegLength>826</LegLength>
      </CourseControl>
      <CourseControl>
        <Sequence>3</Sequence>
        <ControlCode>43</ControlCode>
        <LegLength>458</LegLength>
      </CourseControl>
      <CourseControl>
        <Sequence>4</Sequence>
        <ControlCode>42</ControlCode>
        <LegLength>225</LegLength>
      </CourseControl>
      <CourseControl>
        <Sequence>5</Sequence>
        <ControlCode>31</ControlCode>
        <LegLength>512</LegLength>
      </CourseControl>
      <CourseControl>
        <Sequence>6</Sequence>
        <ControlCode>46</ControlCode>
        <LegLength>616</LegLength>
      </CourseControl>
      <CourseControl>
        <Sequence>7</Sequence>
        <ControlCode>33</ControlCode>
        <LegLength>294</LegLength>
      </CourseControl>
      <CourseControl>
        <Sequence>8</Sequence>
        <ControlCode>32</ControlCode>
        <LegLength>246</LegLength>
      </CourseControl>
      <CourseControl>
        <Sequence>9</Sequence>
        <ControlCode>31</ControlCode>
        <LegLength>209</LegLength>
      </CourseControl>
      <CourseControl>
        <Sequence>10</Sequence>
        <ControlCode>40</ControlCode>
        <LegLength>354</LegLength>
      </CourseControl>
      <CourseControl>
        <Sequence>11</Sequence>
        <ControlCode>32</ControlCode>
        <LegLength>251</LegLength>
      </CourseControl>
      <CourseControl>
        <Sequence>12</Sequence>
        <ControlCode>31</ControlCode>
        <LegLength>209</LegLength>
      </CourseControl>
      <FinishPointCode>FIN1</FinishPointCode>
      <DistanceToFinish>2220</DistanceToFinish>
    </CourseVariation>
    <CourseVariation>
      <CourseVariationId>5</CourseVariationId>
      <Name>CBA</Name>
      <CourseLength>6600</CourseLength>
      <StartPointCode>STA1</StartPointCode>
      <CourseControl>
        <Sequence>1</Sequence>
        <ControlCode>31</ControlCode>
        <LegLength>159</LegLength>
      </CourseControl>
      <CourseControl>
        <Sequence>2</Sequence>
        <ControlCode>52</ControlCode>
        <LegLength>826</LegLength>
      </CourseControl>
      <CourseControl>
        <Sequence>3</Sequence>
        <ControlCode>43</ControlCode>
        <LegLength>458</LegLength>
      </CourseControl>
      <CourseControl>
        <Sequence>4</Sequence>
        <ControlCode>42</ControlCode>
        <LegLength>225</LegLength>
      </CourseControl>
      <CourseControl>
        <Sequence>5</Sequence>
        <ControlCode>31</ControlCode>
        <LegLength>512</LegLength>
      </CourseControl>
      <CourseControl>
        <Sequence>6</Sequence>
        <ControlCode>40</ControlCode>
        <LegLength>354</LegLength>
      </CourseControl>
      <CourseControl>
        <Sequence>7</Sequence>
        <ControlCode>32</ControlCode>
        <LegLength>251</LegLength>
      </CourseControl>
      <CourseControl>
        <Sequence>8</Sequence>
        <ControlCode>31</ControlCode>
        <LegLength>209</LegLength>
      </CourseControl>
      <CourseControl>
        <Sequence>9</Sequence>
        <ControlCode>46</ControlCode>
        <LegLength>616</LegLength>
      </CourseControl>
      <CourseControl>
        <Sequence>10</Sequence>
        <ControlCode>33</ControlCode>
        <LegLength>294</LegLength>
      </CourseControl>
      <CourseControl>
        <Sequence>11</Sequence>
        <ControlCode>32</ControlCode>
        <LegLength>246</LegLength>
      </CourseControl>
      <CourseControl>
        <Sequence>12</Sequence>
        <ControlCode>31</ControlCode>
        <LegLength>209</LegLength>
      </CourseControl>
      <FinishPointCode>FIN1</FinishPointCode>
      <DistanceToFinish>2220</DistanceToFinish>
    </CourseVariation>
  </Course>
  <Course>
    <CourseName>Simple</CourseName>
    <CourseId>4</CourseId>
    <ClassShortName>M21</ClassShortName>
    <ClassShortName>F21</ClassShortName>
    <CourseVariation>
      <CourseVariationId>0</CourseVariationId>
      <CourseLength>2500</CourseLength>
      <StartPointCode>STA1</StartPointCode>
      <CourseControl>
        <Sequence>1</Sequence>
        <ControlCode>40</ControlCode>
        <LegLength>479</LegLength>
      </CourseControl>
      <CourseControl>
        <Sequence>2</Sequence>
        <ControlCode>43</ControlCode>
        <LegLength>432</LegLength>
      </CourseControl>
      <CourseControl>
        <Sequence>3</Sequence>
        <ControlCode>36</ControlCode>
        <LegLength>469</LegLength>
      </CourseControl>
      <FinishPointCode>FIN1</FinishPointCode>
      <DistanceToFinish>1130</DistanceToFinish>
    </CourseVariation>
  </Course>
</CourseData>