0.4850142903
-0.1510651298
-0.1510832796
-0.4850725643
561813.39373
5240824.65847
