OCAD File Header
  OCADMark=0xCAD  SectionMark=0x0
  Version=9
  Reserved2=0x0 Reserved3=0x0 Reserved4=0x0

Symbol definition for '890.0'
 White out': 
  Size=604, Otp=3, SymTp=0, Flags=0
    Status=0, Tool=0
  CsMode=0, CsObjType=0, CsCdFlags=0
  ColorsUsed=44 
  Icon=
    7C 7C 7C 7C 7C 7C 7C 7C 7C 7C 7C 7C 7C 7C 7C 7C 7C 7C 7C 7C 7C 7C 
    7C 7C 7C 7C 7C 7C 7C 7C 7C 7C 7C 7C 7C 7C 7C 7C 7C 7C 7C 7C 7C 7C 
    7C 7C 7C 7C 7C 7C 7C 7C 7C 7C 7C 7C 7C 7C 7C 7C 7C 7C 7C 7C 7C 7C 
    7C 7C 7C 7C 7C 7C 7C 7C 7C 7C 7C 7C 7C 7C 7C 7C 7C 7C 7C 7C 7C 7C 
    7C 7C 7C 7C 7C 7C 7C 7C 7C 7C 7C 7C 7C 7C 7C 7C 7C 7C 7C 7C 7C 7C 
    7C 7C 7C 7C 7C 7C 7C 7C 7C 7C 7C 7C 7C 7C 7C 7C 7C 7C 7C 7C 7C 7C 
    7C 7C  0  0  0  0  0  0  0  0  0  0  0  0  0  0  0  0  0  0 7C 7C 
    7C 7C  0 7C 7C 7C 7C 7C 7C 7C 7C 7C 7C 7C 7C 7C 7C 7C 7C  0 7C 7C 
    7C 7C  0 7C 7C 7C 7C 7C 7C 7C 7C 7C 7C 7C 7C 7C 7C 7C 7C  0 7C 7C 
    7C 7C  0 7C 7C 7C 7C 7C 7C 7C 7C 7C 7C 7C 7C 7C 7C 7C 7C  0 7C 7C 
    7C 7C  0 7C 7C 7C 7C 7C 7C 7C 7C 7C 7C 7C 7C 7C 7C 7C 7C  0 7C 7C 
    7C 7C  0 7C 7C 7C 7C 7C 7C 7C 7C 7C 7C 7C 7C 7C 7C 7C 7C  0 7C 7C 
    7C 7C  0 7C 7C 7C 7C 7C 7C 7C 7C 7C 7C 7C 7C 7C 7C 7C 7C  0 7C 7C 
    7C 7C  0 7C 7C 7C 7C 7C 7C 7C 7C 7C 7C 7C 7C 7C 7C 7C 7C  0 7C 7C 
    7C 7C  0 7C 7C 7C 7C 7C 7C 7C 7C 7C 7C 7C 7C 7C 7C 7C 7C  0 7C 7C 
    7C 7C  0 7C 7C 7C 7C 7C 7C 7C 7C 7C 7C 7C 7C 7C 7C 7C 7C  0 7C 7C 
    7C 7C  0  0  0  0  0  0  0  0  0  0  0  0  0  0  0  0  0  0 7C 7C 
    7C 7C 7C 7C 7C 7C 7C 7C 7C 7C 7C 7C 7C 7C 7C 7C 7C 7C 7C 7C 7C 7C 
    7C 7C 7C 7C 7C 7C 7C 7C 7C 7C 7C 7C 7C 7C 7C 7C 7C 7C 7C 7C 7C 7C 
    7C 7C 7C 7C 7C 7C 7C 7C 7C 7C 7C 7C 7C 7C 7C 7C 7C 7C 7C 7C 7C 7C 
    7C 7C 7C 7C 7C 7C 7C 7C 7C 7C 7C 7C 7C 7C 7C 7C 7C 7C 7C 7C 7C 7C 
    7C 7C 7C 7C 7C 7C 7C 7C 7C 7C 7C 7C 7C 7C 7C 7C 7C 7C 7C 7C 7C 7C 
  Flags=0, FillOn=True, FillColor=44
  HatchMode=0
  HatchAngle1=0, HatchAngle2=0, HatchRes=0
  StructMode=0, StructWidth=0, StructHeight=0, StructAngle=0

Symbol definition for '701.0'
 Start': 
  Size=624, Otp=1, SymTp=0, Flags=1
    Status=0, Tool=0
  CsMode=0, CsObjType=0, CsCdFlags=0
  ColorsUsed=12 
  Icon=
    7C 7C 7C 7C 7C 7C 7C 7C 7C 7C 7C 7C 7C 7C 7C 7C 7C 7C 7C 7C 7C 7C 
    7C 7C 7C 7C 7C 7C 7C 7C 7C 7C 7C 7C 7C 7C 7C 7C 7C 7C 7C 7C 7C 7C 
    7C 7C 7C 7C 7C 7C 7C 7C 7C 7C 7C 7C 7C 7C 7C 7C 7C 7C 7C 7C 7C 7C 
    7C 7C 7C 7C 7C 7C 7C 7C 7C 7C 7C 7C 7C 7C 7C 7C 7C 7C 7C 7C 7C 7C 
    7C 7C 7C 77 77 77 77 77 77 77 77 77 77 77 77 77 77 77 77 7C 7C 7C 
    7C 7C 7C 77 68 68 68 68 68 68 68 68 68 68 68 68 68 68 77 7C 7C 7C 
    7C 7C 7C 7C 72 68 68 6D 6D 6D 6D 6D 6D 6D 6D 68 68 72 7C 7C 7C 7C 
    7C 7C 7C 7C 7C 68 68 77 7C 7C 7C 7C 7C 7C 77 68 68 7C 7C 7C 7C 7C 
    7C 7C 7C 7C 7C 72 68 6D 7C 7C 7C 7C 7C 7C 68 68 77 7C 7C 7C 7C 7C 
    7C 7C 7C 7C 7C 7C 6D 68 72 7C 7C 7C 7C 72 68 6D 7C 7C 7C 7C 7C 7C 
    7C 7C 7C 7C 7C 7C 77 68 68 7C 7C 7C 77 68 68 77 7C 7C 7C 7C 7C 7C 
    7C 7C 7C 7C 7C 7C 7C 6D 68 72 7C 7C 6D 68 6D 7C 7C 7C 7C 7C 7C 7C 
    7C 7C 7C 7C 7C 7C 7C 77 68 68 77 77 68 68 7C 7C 7C 7C 7C 7C 7C 7C 
    7C 7C 7C 7C 7C 7C 7C 7C 72 68 6D 6D 68 72 7C 7C 7C 7C 7C 7C 7C 7C 
    7C 7C 7C 7C 7C 7C 7C 7C 7C 68 68 68 68 7C 7C 7C 7C 7C 7C 7C 7C 7C 
    7C 7C 7C 7C 7C 7C 7C 7C 7C 72 68 68 77 7C 7C 7C 7C 7C 7C 7C 7C 7C 
    7C 7C 7C 7C 7C 7C 7C 7C 7C 7C 6D 6D 7C 7C 7C 7C 7C 7C 7C 7C 7C 7C 
    7C 7C 7C 7C 7C 7C 7C 7C 7C 7C 77 77 7C 7C 7C 7C 7C 7C 7C 7C 7C 7C 
    7C 7C 7C 7C 7C 7C 7C 7C 7C 7C 7C 7C 7C 7C 7C 7C 7C 7C 7C 7C 7C 7C 
    7C 7C 7C 7C 7C 7C 7C 7C 7C 7C 7C 7C 7C 7C 7C 7C 7C 7C 7C 7C 7C 7C 
    7C 7C 7C 7C 7C 7C 7C 7C 7C 7C 7C 7C 7C 7C 7C 7C 7C 7C 7C 7C 7C 7C 
    7C 7C 7C 7C 7C 7C 7C 7C 7C 7C 7C 7C 7C 7C 7C 7C 7C 7C 7C 7C 7C 7C 
  DataSize=6
  Reserved=0
  SymbolElement of type 1 -- line
    stFlags=4  stColor=12  stLineWidth=35  
    (0.00,4.04) (3.50,-2.02) (-3.50,-2.02) (0.00,4.04) 

Symbol definition for '702.0'
 Control point': 
  Size=600, Otp=1, SymTp=0, Flags=0
    Status=0, Tool=0
  CsMode=0, CsObjType=0, CsCdFlags=0
  ColorsUsed=12 
  Icon=
    7C 7C 7C 7C 7C 7C 7C 7C 7C 7C 7C 7C 7C 7C 7C 7C 7C 7C 7C 7C 7C 7C 
    7C 7C 7C 7C 7C 7C 7C 7C 7C 7C 7C 7C 7C 7C 7C 7C 7C 7C 7C 7C 7C 7C 
    7C 7C 7C 7C 7C 7C 7C 7C 7C 7C 7C 7C 7C 7C 7C 7C 7C 7C 7C 7C 7C 7C 
    7C 7C 7C 7C 7C 7C 7C 7C 7C 7C 7C 7C 7C 7C 7C 7C 7C 7C 7C 7C 7C 7C 
    7C 7C 7C 7C 7C 7C 7C 77 72 68 68 68 68 72 77 7C 7C 7C 7C 7C 7C 7C 
    7C 7C 7C 7C 7C 7C 72 68 68 68 68 68 68 68 68 72 7C 7C 7C 7C 7C 7C 
    7C 7C 7C 7C 7C 72 68 68 6D 77 7C 7C 77 6D 68 68 72 7C 7C 7C 7C 7C 
    7C 7C 7C 7C 77 68 68 72 7C 7C 7C 7C 7C 7C 72 68 68 77 7C 7C 7C 7C 
    7C 7C 7C 7C 6D 68 6D 7C 7C 7C 7C 7C 7C 7C 7C 6D 68 72 7C 7C 7C 7C 
    7C 7C 7C 7C 68 68 77 7C 7C 7C 7C 7C 7C 7C 7C 77 68 68 7C 7C 7C 7C 
    7C 7C 7C 7C 68 68 7C 7C 7C 7C 7C 7C 7C 7C 7C 7C 68 68 7C 7C 7C 7C 
    7C 7C 7C 77 68 68 7C 7C 7C 7C 7C 7C 7C 7C 7C 7C 68 68 7C 7C 7C 7C 
    7C 7C 7C 7C 68 68 77 7C 7C 7C 7C 7C 7C 7C 7C 77 68 68 7C 7C 7C 7C 
    7C 7C 7C 7C 6D 68 72 7C 7C 7C 7C 7C 7C 7C 7C 6D 68 72 7C 7C 7C 7C 
    7C 7C 7C 7C 77 68 68 77 7C 7C 7C 7C 7C 7C 72 68 68 77 7C 7C 7C 7C 
    7C 7C 7C 7C 7C 72 68 68 72 77 7C 7C 77 6D 68 68 72 7C 7C 7C 7C 7C 
    7C 7C 7C 7C 7C 7C 72 68 68 68 68 68 68 68 68 72 7C 7C 7C 7C 7C 7C 
    7C 7C 7C 7C 7C 7C 7C 77 6D 68 68 68 68 6D 77 7C 7C 7C 7C 7C 7C 7C 
    7C 7C 7C 7C 7C 7C 7C 7C 7C 7C 7C 7C 7C 7C 7C 7C 7C 7C 7C 7C 7C 7C 
    7C 7C 7C 7C 7C 7C 7C 7C 7C 7C 7C 7C 7C 7C 7C 7C 7C 7C 7C 7C 7C 7C 
    7C 7C 7C 7C 7C 7C 7C 7C 7C 7C 7C 7C 7C 7C 7C 7C 7C 7C 7C 7C 7C 7C 
    7C 7C 7C 7C 7C 7C 7C 7C 7C 7C 7C 7C 7C 7C 7C 7C 7C 7C 7C 7C 7C 7C 
  DataSize=3
  Reserved=0
  SymbolElement of type 3 -- circle
    stColor=12  stLineWidth=35  stDiameter=565
    (0.00,0.00) 

Symbol definition for '706.0'
 Finish': 
  Size=624, Otp=1, SymTp=0, Flags=0
    Status=0, Tool=0
  CsMode=0, CsObjType=0, CsCdFlags=0
  ColorsUsed=12 
  Icon=
    7C 7C 7C 7C 7C 7C 7C 7C 7C 7C 7C 7C 7C 7C 7C 7C 7C 7C 7C 7C 7C 7C 
    7C 7C 7C 7C 7C 7C 7C 7C 7C 7C 7C 7C 7C 7C 7C 7C 7C 7C 7C 7C 7C 7C 
    7C 7C 7C 7C 7C 7C 7C 7C 7C 7C 7C 7C 7C 7C 7C 7C 7C 7C 7C 7C 7C 7C 
    7C 7C 7C 7C 7C 7C 7C 7C 7C 77 72 72 77 7C 7C 7C 7C 7C 7C 7C 7C 7C 
    7C 7C 7C 7C 7C 7C 7C 72 68 68 68 68 68 68 72 7C 7C 7C 7C 7C 7C 7C 
    7C 7C 7C 7C 7C 77 6D 68 68 72 77 77 72 68 68 6D 7C 7C 7C 7C 7C 7C 
    7C 7C 7C 7C 7C 68 68 72 7C 7C 7C 77 7C 7C 72 68 6D 7C 7C 7C 7C 7C 
    7C 7C 7C 7C 6D 68 72 7C 77 6D 68 68 6D 77 7C 72 68 72 7C 7C 7C 7C 
    7C 7C 7C 7C 68 6D 7C 77 68 68 6D 6D 68 68 77 7C 68 68 7C 7C 7C 7C 
    7C 7C 7C 77 68 72 7C 6D 68 72 7C 7C 77 68 6D 7C 72 68 77 7C 7C 7C 
    7C 7C 7C 72 68 77 7C 68 6D 7C 7C 7C 7C 6D 68 77 77 68 72 7C 7C 7C 
    7C 7C 7C 72 68 77 7C 68 68 7C 7C 7C 7C 6D 68 77 77 68 72 7C 7C 7C 
    7C 7C 7C 77 68 72 7C 72 68 72 7C 7C 72 68 6D 7C 72 68 77 7C 7C 7C 
    7C 7C 7C 77 68 6D 7C 7C 6D 68 68 6D 68 68 77 7C 68 68 7C 7C 7C 7C 
    7C 7C 7C 7C 6D 68 72 7C 7C 72 68 68 6D 77 7C 72 68 72 7C 7C 7C 7C 
    7C 7C 7C 7C 7C 68 68 72 7C 7C 7C 7C 7C 7C 72 68 6D 7C 7C 7C 7C 7C 
    7C 7C 7C 7C 7C 77 68 68 6D 72 77 77 72 6D 68 68 77 7C 7C 7C 7C 7C 
    7C 7C 7C 7C 7C 7C 7C 6D 68 68 68 68 68 68 6D 7C 7C 7C 7C 7C 7C 7C 
    7C 7C 7C 7C 7C 7C 7C 7C 77 77 72 72 77 7C 7C 7C 7C 7C 7C 7C 7C 7C 
    7C 7C 7C 7C 7C 7C 7C 7C 7C 7C 7C 7C 7C 7C 7C 7C 7C 7C 7C 7C 7C 7C 
    7C 7C 7C 7C 7C 7C 7C 7C 7C 7C 7C 7C 7C 7C 7C 7C 7C 7C 7C 7C 7C 7C 
    7C 7C 7C 7C 7C 7C 7C 7C 7C 7C 7C 7C 7C 7C 7C 7C 7C 7C 7C 7C 7C 7C 
  DataSize=6
  Reserved=0
  SymbolElement of type 3 -- circle
    stColor=12  stLineWidth=35  stDiameter=465
    (0.00,0.00) 
  SymbolElement of type 3 -- circle
    stColor=12  stLineWidth=35  stDiameter=665
    (0.00,0.00) 

Symbol definition for '720.0'
 Control code': 
  Size=812, Otp=4, SymTp=0, Flags=0
    Status=0, Tool=0
  CsMode=0, CsObjType=0, CsCdFlags=0
  ColorsUsed=12 
  Icon=
    7C 7C 7C 7C 7C 7C 7C 7C 7C 7C 7C 7C 7C 7C 7C 7C 7C 7C 7C 7C 7C 7C 
    7C 7C 7C 7C 7C 7C 7C 7C 7C 7C 7C 7C 7C 7C 7C 7C 7C 7C 7C 7C 7C 7C 
    7C 7C 7C 7C 7C 7C 7C 7C 7C 7C 7C 7C 7C 7C 7C 7C 7C 7C 7C 7C 7C 7C 
    7C 7C 7C 7C 7C 7C 7C 7C 77 6D 68 68 68 72 77 7C 7C 7C 7C 7C 7C 7C 
    7C 7C 7C 7C 7C 7C 7C 77 68 68 68 68 68 68 68 77 7C 7C 7C 7C 7C 7C 
    7C 7C 7C 7C 7C 7C 7C 68 68 68 68 68 68 68 68 68 7C 7C 7C 7C 7C 7C 
    7C 7C 7C 7C 7C 7C 72 68 68 68 77 7C 77 68 68 68 72 7C 7C 7C 7C 7C 
    7C 7C 7C 7C 7C 7C 6D 68 68 72 7C 7C 7C 77 68 68 6D 7C 7C 7C 7C 7C 
    7C 7C 7C 7C 7C 7C 6D 6D 68 7C 7C 7C 7C 7C 68 68 68 7C 7C 7C 7C 7C 
    7C 7C 7C 7C 7C 7C 7C 7C 7C 7C 7C 7C 7C 7C 68 68 68 7C 7C 7C 7C 7C 
    7C 7C 7C 7C 7C 7C 7C 7C 7C 7C 7C 7C 7C 77 68 68 68 7C 7C 7C 7C 7C 
    7C 7C 7C 7C 7C 7C 6D 6D 68 72 7C 7C 77 6D 68 68 6D 7C 7C 7C 7C 7C 
    7C 7C 7C 7C 7C 7C 6D 68 68 68 68 68 68 68 68 68 77 7C 7C 7C 7C 7C 
    7C 7C 7C 7C 7C 7C 72 68 68 68 68 68 68 68 68 72 7C 7C 7C 7C 7C 7C 
    7C 7C 7C 7C 7C 7C 77 68 68 68 6D 68 68 6D 77 7C 7C 7C 7C 7C 7C 7C 
    7C 7C 7C 7C 7C 7C 7C 68 68 68 7C 7C 7C 7C 7C 7C 7C 7C 7C 7C 7C 7C 
    7C 7C 7C 7C 7C 7C 7C 6D 68 68 77 7C 7C 7C 7C 7C 7C 7C 7C 7C 7C 7C 
    7C 7C 7C 7C 7C 7C 7C 72 68 68 68 68 68 68 68 68 7C 7C 7C 7C 7C 7C 
    7C 7C 7C 7C 7C 7C 7C 77 68 68 68 68 68 68 68 68 7C 7C 7C 7C 7C 7C 
    7C 7C 7C 7C 7C 7C 7C 7C 68 68 68 68 68 68 68 68 7C 7C 7C 7C 7C 7C 
    7C 7C 7C 7C 7C 7C 7C 7C 7C 7C 7C 7C 7C 7C 7C 7C 7C 7C 7C 7C 7C 7C 
    7C 7C 7C 7C 7C 7C 7C 7C 7C 7C 7C 7C 7C 7C 7C 7C 7C 7C 7C 7C 7C 7C 
  FontName=Roboto Condensed, FontColor=12, FontSize=118
  Weight=700, Italic=False, CharSpace=0, WordSpace=100
  Alignment=0, LineSpace=100, ParaSpace=0
  IndentFirst=0, IndentOther=0
  nTabs=0: 
  LBOn=False, LBColor=0, LBWidth=0, LBDist=0
  FrMode=0, FrName=, FrColor=0, FrSize=0
  FrWeight=400, FrItalic=False, FrOfX=0, FrOfY=0

Index entry Sym=70100.0
  ObjType=1  Rex=0  Status=1
  ViewType=0  Color=12  ImpLayer=0
Object Sym=70100 Otp=1
  nItem=1, nText=0
  Ang=0
  Col=0 (0x0)
  LineWidth=0  DiamFlags=0
    (56.80,-8.70) 

Index entry Sym=70200.0
  ObjType=1  Rex=0  Status=1
  ViewType=0  Color=12  ImpLayer=0
Object Sym=70200 Otp=1
  nItem=1, nText=0
  Ang=0
  Col=0 (0x0)
  LineWidth=0  DiamFlags=0
    (115.60,-11.80) 

Index entry Sym=70200.0
  ObjType=1  Rex=0  Status=1
  ViewType=0  Color=12  ImpLayer=0
Object Sym=70200 Otp=1
  nItem=1, nText=0
  Ang=0
  Col=0 (0x0)
  LineWidth=0  DiamFlags=0
    (128.40,6.10) 

Index entry Sym=70200.0
  ObjType=1  Rex=0  Status=1
  ViewType=0  Color=12  ImpLayer=0
Object Sym=70200 Otp=1
  nItem=1, nText=0
  Ang=0
  Col=0 (0x0)
  LineWidth=0  DiamFlags=0
    (121.80,-23.00) 

Index entry Sym=70200.0
  ObjType=1  Rex=0  Status=1
  ViewType=0  Color=12  ImpLayer=0
Object Sym=70200 Otp=1
  nItem=1, nText=0
  Ang=0
  Col=0 (0x0)
  LineWidth=0  DiamFlags=0
    (50.30,2.90) 

Index entry Sym=70200.0
  ObjType=1  Rex=0  Status=1
  ViewType=0  Color=12  ImpLayer=0
Object Sym=70200 Otp=1
  nItem=1, nText=0
  Ang=0
  Col=0 (0x0)
  LineWidth=0  DiamFlags=0
    (129.20,37.70) 

Index entry Sym=70200.0
  ObjType=1  Rex=0  Status=1
  ViewType=0  Color=12  ImpLayer=0
Object Sym=70200 Otp=1
  nItem=1, nText=0
  Ang=0
  Col=0 (0x0)
  LineWidth=0  DiamFlags=0
    (124.20,29.50) 

Index entry Sym=70200.0
  ObjType=1  Rex=0  Status=1
  ViewType=0  Color=12  ImpLayer=0
Object Sym=70200 Otp=1
  nItem=1, nText=0
  Ang=0
  Col=0 (0x0)
  LineWidth=0  DiamFlags=0
    (28.00,6.20) 

Index entry Sym=70200.0
  ObjType=1  Rex=0  Status=1
  ViewType=0  Color=12  ImpLayer=0
Object Sym=70200 Otp=1
  nItem=1, nText=0
  Ang=0
  Col=0 (0x0)
  LineWidth=0  DiamFlags=0
    (38.40,-14.00) 

Index entry Sym=70200.0
  ObjType=1  Rex=0  Status=1
  ViewType=0  Color=12  ImpLayer=0
Object Sym=70200 Otp=1
  nItem=1, nText=0
  Ang=0
  Col=0 (0x0)
  LineWidth=0  DiamFlags=0
    (84.00,34.50) 

Index entry Sym=70200.0
  ObjType=1  Rex=0  Status=1
  ViewType=0  Color=12  ImpLayer=0
Object Sym=70200 Otp=1
  nItem=1, nText=0
  Ang=0
  Col=0 (0x0)
  LineWidth=0  DiamFlags=0
    (37.60,-22.80) 

Index entry Sym=70200.0
  ObjType=1  Rex=0  Status=1
  ViewType=0  Color=12  ImpLayer=0
Object Sym=70200 Otp=1
  nItem=1, nText=0
  Ang=0
  Col=0 (0x0)
  LineWidth=0  DiamFlags=0
    (55.90,25.60) 

Index entry Sym=70200.0
  ObjType=1  Rex=0  Status=1
  ViewType=0  Color=12  ImpLayer=0
Object Sym=70200 Otp=1
  nItem=1, nText=0
  Ang=0
  Col=0 (0x0)
  LineWidth=0  DiamFlags=0
    (-9.20,8.30) 

Index entry Sym=70200.0
  ObjType=1  Rex=0  Status=1
  ViewType=0  Color=12  ImpLayer=0
Object Sym=70200 Otp=1
  nItem=1, nText=0
  Ang=0
  Col=0 (0x0)
  LineWidth=0  DiamFlags=0
    (2.51,31.32) 

Index entry Sym=70200.0
  ObjType=1  Rex=0  Status=1
  ViewType=0  Color=12  ImpLayer=0
Object Sym=70200 Otp=1
  nItem=1, nText=0
  Ang=0
  Col=0 (0x0)
  LineWidth=0  DiamFlags=0
    (21.50,40.20) 

Index entry Sym=70200.0
  ObjType=1  Rex=0  Status=1
  ViewType=0  Color=12  ImpLayer=0
Object Sym=70200 Otp=1
  nItem=1, nText=0
  Ang=0
  Col=0 (0x0)
  LineWidth=0  DiamFlags=0
    (22.00,-20.80) 

Index entry Sym=70200.0
  ObjType=1  Rex=0  Status=1
  ViewType=0  Color=12  ImpLayer=0
Object Sym=70200 Otp=1
  nItem=1, nText=0
  Ang=0
  Col=0 (0x0)
  LineWidth=0  DiamFlags=0
    (45.20,22.80) 

Index entry Sym=70200.0
  ObjType=1  Rex=0  Status=1
  ViewType=0  Color=12  ImpLayer=0
Object Sym=70200 Otp=1
  nItem=1, nText=0
  Ang=0
  Col=0 (0x0)
  LineWidth=0  DiamFlags=0
    (16.40,-11.90) 

Index entry Sym=70200.0
  ObjType=1  Rex=0  Status=1
  ViewType=0  Color=12  ImpLayer=0
Object Sym=70200 Otp=1
  nItem=1, nText=0
  Ang=0
  Col=0 (0x0)
  LineWidth=0  DiamFlags=0
    (43.00,-11.10) 

Index entry Sym=70200.0
  ObjType=1  Rex=0  Status=1
  ViewType=0  Color=12  ImpLayer=0
Object Sym=70200 Otp=1
  nItem=1, nText=0
  Ang=0
  Col=0 (0x0)
  LineWidth=0  DiamFlags=0
    (25.80,-10.50) 

Index entry Sym=70200.0
  ObjType=1  Rex=0  Status=1
  ViewType=0  Color=12  ImpLayer=0
Object Sym=70200 Otp=1
  nItem=1, nText=0
  Ang=0
  Col=0 (0x0)
  LineWidth=0  DiamFlags=0
    (53.70,8.20) 

Index entry Sym=70200.0
  ObjType=1  Rex=0  Status=1
  ViewType=0  Color=12  ImpLayer=0
Object Sym=70200 Otp=1
  nItem=1, nText=0
  Ang=0
  Col=0 (0x0)
  LineWidth=0  DiamFlags=0
    (51.20,10.50) 

Index entry Sym=70200.0
  ObjType=1  Rex=0  Status=1
  ViewType=0  Color=12  ImpLayer=0
Object Sym=70200 Otp=1
  nItem=1, nText=0
  Ang=0
  Col=0 (0x0)
  LineWidth=0  DiamFlags=0
    (81.30,24.00) 

Index entry Sym=70200.0
  ObjType=1  Rex=0  Status=1
  ViewType=0  Color=12  ImpLayer=0
Object Sym=70200 Otp=1
  nItem=1, nText=0
  Ang=0
  Col=0 (0x0)
  LineWidth=0  DiamFlags=0
    (90.00,19.30) 

Index entry Sym=70200.0
  ObjType=1  Rex=0  Status=1
  ViewType=0  Color=12  ImpLayer=0
Object Sym=70200 Otp=1
  nItem=1, nText=0
  Ang=0
  Col=0 (0x0)
  LineWidth=0  DiamFlags=0
    (20.30,-4.00) 

Index entry Sym=70200.0
  ObjType=1  Rex=0  Status=1
  ViewType=0  Color=12  ImpLayer=0
Object Sym=70200 Otp=1
  nItem=1, nText=0
  Ang=0
  Col=0 (0x0)
  LineWidth=0  DiamFlags=0
    (51.20,-27.00) 

Index entry Sym=70200.0
  ObjType=1  Rex=0  Status=1
  ViewType=0  Color=12  ImpLayer=0
Object Sym=70200 Otp=1
  nItem=1, nText=0
  Ang=0
  Col=0 (0x0)
  LineWidth=0  DiamFlags=0
    (21.30,11.80) 

Index entry Sym=70200.0
  ObjType=1  Rex=0  Status=1
  ViewType=0  Color=12  ImpLayer=0
Object Sym=70200 Otp=1
  nItem=1, nText=0
  Ang=0
  Col=0 (0x0)
  LineWidth=0  DiamFlags=0
    (40.10,17.40) 

Index entry Sym=70200.0
  ObjType=1  Rex=0  Status=1
  ViewType=0  Color=12  ImpLayer=0
Object Sym=70200 Otp=1
  nItem=1, nText=0
  Ang=0
  Col=0 (0x0)
  LineWidth=0  DiamFlags=0
    (-0.70,10.30) 

Index entry Sym=70200.0
  ObjType=1  Rex=0  Status=1
  ViewType=0  Color=12  ImpLayer=0
Object Sym=70200 Otp=1
  nItem=1, nText=0
  Ang=0
  Col=0 (0x0)
  LineWidth=0  DiamFlags=0
    (57.40,-13.80) 

Index entry Sym=70200.0
  ObjType=1  Rex=0  Status=1
  ViewType=0  Color=12  ImpLayer=0
Object Sym=70200 Otp=1
  nItem=1, nText=0
  Ang=0
  Col=0 (0x0)
  LineWidth=0  DiamFlags=0
    (61.20,-18.80) 

Index entry Sym=70200.0
  ObjType=1  Rex=0  Status=1
  ViewType=0  Color=12  ImpLayer=0
Object Sym=70200 Otp=1
  nItem=1, nText=0
  Ang=0
  Col=0 (0x0)
  LineWidth=0  DiamFlags=0
    (72.00,27.00) 

Index entry Sym=70200.0
  ObjType=1  Rex=0  Status=1
  ViewType=0  Color=12  ImpLayer=0
Object Sym=70200 Otp=1
  nItem=1, nText=0
  Ang=0
  Col=0 (0x0)
  LineWidth=0  DiamFlags=0
    (5.60,-5.70) 

Index entry Sym=70200.0
  ObjType=1  Rex=0  Status=1
  ViewType=0  Color=12  ImpLayer=0
Object Sym=70200 Otp=1
  nItem=1, nText=0
  Ang=0
  Col=0 (0x0)
  LineWidth=0  DiamFlags=0
    (74.70,19.20) 

Index entry Sym=70200.0
  ObjType=1  Rex=0  Status=1
  ViewType=0  Color=12  ImpLayer=0
Object Sym=70200 Otp=1
  nItem=1, nText=0
  Ang=0
  Col=0 (0x0)
  LineWidth=0  DiamFlags=0
    (93.90,28.10) 

Index entry Sym=70200.0
  ObjType=1  Rex=0  Status=1
  ViewType=0  Color=12  ImpLayer=0
Object Sym=70200 Otp=1
  nItem=1, nText=0
  Ang=0
  Col=0 (0x0)
  LineWidth=0  DiamFlags=0
    (119.80,8.60) 

Index entry Sym=70200.0
  ObjType=1  Rex=0  Status=1
  ViewType=0  Color=12  ImpLayer=0
Object Sym=70200 Otp=1
  nItem=1, nText=0
  Ang=0
  Col=0 (0x0)
  LineWidth=0  DiamFlags=0
    (41.90,6.80) 

Index entry Sym=70600.0
  ObjType=1  Rex=0  Status=1
  ViewType=0  Color=12  ImpLayer=0
Object Sym=70600 Otp=1
  nItem=1, nText=0
  Ang=0
  Col=0 (0x0)
  LineWidth=0  DiamFlags=0
    (53.20,-2.80) 

Index entry Sym=72000.0
  ObjType=4  Rex=0  Status=1
  ViewType=0  Color=12  ImpLayer=0
Object Sym=72000 Otp=4
  nItem=5, nText=1
  Ang=0
  Col=0 (0x0)
  LineWidth=0  DiamFlags=0
  Text=35
    (109.69,-8.93) (109.69,-9.98) (113.92,-9.98) (113.92,-4.75) 
    (109.69,-4.75) 

Index entry Sym=72000.0
  ObjType=4  Rex=0  Status=1
  ViewType=0  Color=12  ImpLayer=0
Object Sym=72000 Otp=4
  nItem=5, nText=1
  Ang=0
  Col=0 (0x0)
  LineWidth=0  DiamFlags=0
  Text=36
    (131.53,2.05) (131.53,1.01) (135.76,1.01) (135.76,6.23) 
    (131.53,6.23) 

Index entry Sym=72000.0
  ObjType=4  Rex=0  Status=1
  ViewType=0  Color=12  ImpLayer=0
Object Sym=72000 Otp=4
  nItem=5, nText=1
  Ang=0
  Col=0 (0x0)
  LineWidth=0  DiamFlags=0
  Text=37
    (123.48,-28.79) (123.48,-29.84) (127.71,-29.84) (127.71,-24.61) 
    (123.48,-24.61) 

Index entry Sym=72000.0
  ObjType=4  Rex=0  Status=1
  ViewType=0  Color=12  ImpLayer=0
Object Sym=72000 Otp=4
  nItem=5, nText=1
  Ang=0
  Col=0 (0x0)
  LineWidth=0  DiamFlags=0
  Text=38
    (43.09,-1.50) (43.09,-2.55) (47.32,-2.55) (47.32,2.68) (43.09,2.68) 

Index entry Sym=72000.0
  ObjType=4  Rex=0  Status=1
  ViewType=0  Color=12  ImpLayer=0
Object Sym=72000 Otp=4
  nItem=5, nText=1
  Ang=0
  Col=0 (0x0)
  LineWidth=0  DiamFlags=0
  Text=39
    (131.50,40.10) (131.50,39.06) (135.73,39.06) (135.73,44.28) 
    (131.50,44.28) 

Index entry Sym=72000.0
  ObjType=4  Rex=0  Status=1
  ViewType=0  Color=12  ImpLayer=0
Object Sym=72000 Otp=4
  nItem=5, nText=1
  Ang=0
  Col=0 (0x0)
  LineWidth=0  DiamFlags=0
  Text=40
    (117.67,24.17) (117.67,23.12) (121.90,23.12) (121.90,28.35) 
    (117.67,28.35) 

Index entry Sym=72000.0
  ObjType=4  Rex=0  Status=1
  ViewType=0  Color=12  ImpLayer=0
Object Sym=72000 Otp=4
  nItem=5, nText=1
  Ang=0
  Col=0 (0x0)
  LineWidth=0  DiamFlags=0
  Text=41
    (28.62,0.01) (28.62,-1.04) (32.85,-1.04) (32.85,4.19) (28.62,4.19) 

Index entry Sym=72000.0
  ObjType=4  Rex=0  Status=1
  ViewType=0  Color=12  ImpLayer=0
Object Sym=72000 Otp=4
  nItem=5, nText=1
  Ang=0
  Col=0 (0x0)
  LineWidth=0  DiamFlags=0
  Text=42
    (32.49,-11.13) (32.49,-12.18) (36.72,-12.18) (36.72,-6.95) 
    (32.49,-6.95) 

Index entry Sym=72000.0
  ObjType=4  Rex=0  Status=1
  ViewType=0  Color=12  ImpLayer=0
Object Sym=72000 Otp=4
  nItem=5, nText=1
  Ang=0
  Col=0 (0x0)
  LineWidth=0  DiamFlags=0
  Text=43
    (81.26,37.82) (81.26,36.78) (85.48,36.78) (85.48,42.00) 
    (81.26,42.00) 

Index entry Sym=72000.0
  ObjType=4  Rex=0  Status=1
  ViewType=0  Color=12  ImpLayer=0
Object Sym=72000 Otp=4
  nItem=5, nText=1
  Ang=0
  Col=0 (0x0)
  LineWidth=0  DiamFlags=0
  Text=44
    (33.13,-29.04) (33.13,-30.09) (37.36,-30.09) (37.36,-24.86) 
    (33.13,-24.86) 

Index entry Sym=72000.0
  ObjType=4  Rex=0  Status=1
  ViewType=0  Color=12  ImpLayer=0
Object Sym=72000 Otp=4
  nItem=5, nText=1
  Ang=0
  Col=0 (0x0)
  LineWidth=0  DiamFlags=0
  Text=45
    (55.07,28.92) (55.07,27.88) (59.30,27.88) (59.30,33.10) 
    (55.07,33.10) 

Index entry Sym=72000.0
  ObjType=4  Rex=0  Status=1
  ViewType=0  Color=12  ImpLayer=0
Object Sym=72000 Otp=4
  nItem=5, nText=1
  Ang=0
  Col=0 (0x0)
  LineWidth=0  DiamFlags=0
  Text=46
    (-16.41,3.90) (-16.41,2.85) (-12.18,2.85) (-12.18,8.08) 
    (-16.41,8.08) 

Index entry Sym=72000.0
  ObjType=4  Rex=0  Status=1
  ViewType=0  Color=12  ImpLayer=0
Object Sym=72000 Otp=4
  nItem=5, nText=1
  Ang=0
  Col=0 (0x0)
  LineWidth=0  DiamFlags=0
  Text=47
    (5.49,32.80) (5.49,31.75) (9.72,31.75) (9.72,36.98) (5.49,36.98) 

Index entry Sym=72000.0
  ObjType=4  Rex=0  Status=1
  ViewType=0  Color=12  ImpLayer=0
Object Sym=72000 Otp=4
  nItem=5, nText=1
  Ang=0
  Col=0 (0x0)
  LineWidth=0  DiamFlags=0
  Text=48
    (24.48,41.68) (24.48,40.63) (28.71,40.63) (28.71,45.86) 
    (24.48,45.86) 

Index entry Sym=72000.0
  ObjType=4  Rex=0  Status=1
  ViewType=0  Color=12  ImpLayer=0
Object Sym=72000 Otp=4
  nItem=5, nText=1
  Ang=0
  Col=0 (0x0)
  LineWidth=0  DiamFlags=0
  Text=49
    (19.57,-27.05) (19.57,-28.10) (23.80,-28.10) (23.80,-22.87) 
    (19.57,-22.87) 

Index entry Sym=72000.0
  ObjType=4  Rex=0  Status=1
  ViewType=0  Color=12  ImpLayer=0
Object Sym=72000 Otp=4
  nItem=5, nText=1
  Ang=0
  Col=0 (0x0)
  LineWidth=0  DiamFlags=0
  Text=50
    (42.46,26.12) (42.46,25.08) (46.68,25.08) (46.68,30.30) 
    (42.46,30.30) 

Index entry Sym=72000.0
  ObjType=4  Rex=0  Status=1
  ViewType=0  Color=12  ImpLayer=0
Object Sym=72000 Otp=4
  nItem=5, nText=1
  Ang=0
  Col=0 (0x0)
  LineWidth=0  DiamFlags=0
  Text=51
    (9.87,-17.23) (9.87,-18.28) (14.10,-18.28) (14.10,-13.05) 
    (9.87,-13.05) 

Index entry Sym=72000.0
  ObjType=4  Rex=0  Status=1
  ViewType=0  Color=12  ImpLayer=0
Object Sym=72000 Otp=4
  nItem=5, nText=1
  Ang=0
  Col=0 (0x0)
  LineWidth=0  DiamFlags=0
  Text=52
    (45.56,-16.15) (45.56,-17.19) (49.79,-17.19) (49.79,-11.97) 
    (45.56,-11.97) 

Index entry Sym=72000.0
  ObjType=4  Rex=0  Status=1
  ViewType=0  Color=12  ImpLayer=0
Object Sym=72000 Otp=4
  nItem=5, nText=1
  Ang=0
  Col=0 (0x0)
  LineWidth=0  DiamFlags=0
  Text=53
    (26.42,-16.69) (26.42,-17.74) (30.65,-17.74) (30.65,-12.51) 
    (26.42,-12.51) 

Index entry Sym=72000.0
  ObjType=4  Rex=0  Status=1
  ViewType=0  Color=12  ImpLayer=0
Object Sym=72000 Otp=4
  nItem=5, nText=1
  Ang=0
  Col=0 (0x0)
  LineWidth=0  DiamFlags=0
  Text=54
    (56.83,4.15) (56.83,3.11) (61.06,3.11) (61.06,8.33) (56.83,8.33) 

Index entry Sym=72000.0
  ObjType=4  Rex=0  Status=1
  ViewType=0  Color=12  ImpLayer=0
Object Sym=72000 Otp=4
  nItem=5, nText=1
  Ang=0
  Col=0 (0x0)
  LineWidth=0  DiamFlags=0
  Text=55
    (46.35,13.77) (46.35,12.72) (50.58,12.72) (50.58,17.95) 
    (46.35,17.95) 

Index entry Sym=72000.0
  ObjType=4  Rex=0  Status=1
  ViewType=0  Color=12  ImpLayer=0
Object Sym=72000 Otp=4
  nItem=5, nText=1
  Ang=0
  Col=0 (0x0)
  LineWidth=0  DiamFlags=0
  Text=56
    (84.28,25.48) (84.28,24.43) (88.51,24.43) (88.51,29.66) 
    (84.28,29.66) 

Index entry Sym=72000.0
  ObjType=4  Rex=0  Status=1
  ViewType=0  Color=12  ImpLayer=0
Object Sym=72000 Otp=4
  nItem=5, nText=1
  Ang=0
  Col=0 (0x0)
  LineWidth=0  DiamFlags=0
  Text=57
    (90.62,13.11) (90.62,12.06) (94.85,12.06) (94.85,17.29) 
    (90.62,17.29) 

Index entry Sym=72000.0
  ObjType=4  Rex=0  Status=1
  ViewType=0  Color=12  ImpLayer=0
Object Sym=72000 Otp=4
  nItem=5, nText=1
  Ang=0
  Col=0 (0x0)
  LineWidth=0  DiamFlags=0
  Text=58
    (14.39,-1.13) (14.39,-2.18) (18.62,-2.18) (18.62,3.05) (14.39,3.05) 

Index entry Sym=72000.0
  ObjType=4  Rex=0  Status=1
  ViewType=0  Color=12  ImpLayer=0
Object Sym=72000 Otp=4
  nItem=5, nText=1
  Ang=0
  Col=0 (0x0)
  LineWidth=0  DiamFlags=0
  Text=59
    (48.77,-33.25) (48.77,-34.30) (53.00,-34.30) (53.00,-29.07) 
    (48.77,-29.07) 

Index entry Sym=72000.0
  ObjType=4  Rex=0  Status=1
  ViewType=0  Color=12  ImpLayer=0
Object Sym=72000 Otp=4
  nItem=5, nText=1
  Ang=0
  Col=0 (0x0)
  LineWidth=0  DiamFlags=0
  Text=70
    (14.51,13.92) (14.51,12.88) (18.74,12.88) (18.74,18.10) 
    (14.51,18.10) 

Index entry Sym=72000.0
  ObjType=4  Rex=0  Status=1
  ViewType=0  Color=12  ImpLayer=0
Object Sym=72000 Otp=4
  nItem=5, nText=1
  Ang=0
  Col=0 (0x0)
  LineWidth=0  DiamFlags=0
  Text=71
    (32.55,15.22) (32.55,14.18) (36.78,14.18) (36.78,19.40) 
    (32.55,19.40) 

Index entry Sym=72000.0
  ObjType=4  Rex=0  Status=1
  ViewType=0  Color=12  ImpLayer=0
Object Sym=72000 Otp=4
  nItem=5, nText=1
  Ang=0
  Col=0 (0x0)
  LineWidth=0  DiamFlags=0
  Text=72
    (2.28,11.78) (2.28,10.73) (6.51,10.73) (6.51,15.96) (2.28,15.96) 

Index entry Sym=72000.0
  ObjType=4  Rex=0  Status=1
  ViewType=0  Color=12  ImpLayer=0
Object Sym=72000 Otp=4
  nItem=5, nText=1
  Ang=0
  Col=0 (0x0)
  LineWidth=0  DiamFlags=0
  Text=73
    (51.83,-19.77) (51.83,-20.81) (56.06,-20.81) (56.06,-15.59) 
    (51.83,-15.59) 

Index entry Sym=72000.0
  ObjType=4  Rex=0  Status=1
  ViewType=0  Color=12  ImpLayer=0
Object Sym=72000 Otp=4
  nItem=5, nText=1
  Ang=0
  Col=0 (0x0)
  LineWidth=0  DiamFlags=0
  Text=74
    (63.76,-23.85) (63.76,-24.89) (67.99,-24.89) (67.99,-19.67) 
    (63.76,-19.67) 

Index entry Sym=72000.0
  ObjType=4  Rex=0  Status=1
  ViewType=0  Color=12  ImpLayer=0
Object Sym=72000 Otp=4
  nItem=5, nText=1
  Ang=0
  Col=0 (0x0)
  LineWidth=0  DiamFlags=0
  Text=75
    (68.26,30.33) (68.26,29.28) (72.49,29.28) (72.49,34.51) 
    (68.26,34.51) 

Index entry Sym=72000.0
  ObjType=4  Rex=0  Status=1
  ViewType=0  Color=12  ImpLayer=0
Object Sym=72000 Otp=4
  nItem=5, nText=1
  Ang=0
  Col=0 (0x0)
  LineWidth=0  DiamFlags=0
  Text=76
    (-1.76,-4.58) (-1.76,-5.62) (2.47,-5.62) (2.47,-0.40) (-1.76,-0.40) 

Index entry Sym=72000.0
  ObjType=4  Rex=0  Status=1
  ViewType=0  Color=12  ImpLayer=0
Object Sym=72000 Otp=4
  nItem=5, nText=1
  Ang=0
  Col=0 (0x0)
  LineWidth=0  DiamFlags=0
  Text=77
    (70.23,12.96) (70.23,11.91) (74.46,11.91) (74.46,17.14) 
    (70.23,17.14) 

Index entry Sym=72000.0
  ObjType=4  Rex=0  Status=1
  ViewType=0  Color=12  ImpLayer=0
Object Sym=72000 Otp=4
  nItem=5, nText=1
  Ang=0
  Col=0 (0x0)
  LineWidth=0  DiamFlags=0
  Text=78
    (97.20,28.48) (97.20,27.43) (101.43,27.43) (101.43,32.66) 
    (97.20,32.66) 

Index entry Sym=72000.0
  ObjType=4  Rex=0  Status=1
  ViewType=0  Color=12  ImpLayer=0
Object Sym=72000 Otp=4
  nItem=5, nText=1
  Ang=0
  Col=0 (0x0)
  LineWidth=0  DiamFlags=0
  Text=79
    (112.44,9.72) (112.44,8.68) (116.67,8.68) (116.67,13.90) 
    (112.44,13.90) 

Index entry Sym=72000.0
  ObjType=4  Rex=0  Status=1
  ViewType=0  Color=12  ImpLayer=0
Object Sym=72000 Otp=4
  nItem=5, nText=1
  Ang=0
  Col=0 (0x0)
  LineWidth=0  DiamFlags=0
  Text=80
    (34.35,6.79) (34.35,5.75) (38.58,5.75) (38.58,10.97) (34.35,10.97) 

String of type 9
  ObjIndex=0
  firstField=Purple
  code=n, value=11
  code=c, value=15
  code=m, value=90
  code=y, value=0
  code=k, value=25
  code=o, value=0

String of type 9
  ObjIndex=0
  firstField=Lower purple
  code=n, value=12
  code=c, value=15
  code=m, value=90
  code=y, value=0
  code=k, value=25
  code=o, value=0

String of type 9
  ObjIndex=0
  firstField=Black
  code=n, value=0
  code=c, value=0
  code=m, value=0
  code=y, value=0
  code=k, value=100
  code=o, value=0

String of type 9
  ObjIndex=0
  firstField=White
  code=n, value=44
  code=c, value=0
  code=m, value=0
  code=y, value=0
  code=k, value=0
  code=o, value=0

String of type 1039
  ObjIndex=0
  firstField=
  code=m, value=10000
  code=g, value=10
  code=r, value=0
  code=x, value=0
  code=y, value=0
  code=a, value=0
  code=d, value=500

String of type 1026
  ObjIndex=0
  firstField=
  code=a, value=10000
  code=r, value=1
  code=L, value=-31.36
  code=B, value=-115.005
  code=R, value=235.34
  code=T, value=88.19501

String of type 1030
  ObjIndex=0
  firstField=
  code=d, value=0
  code=l, value=0

String of type 8
  ObjIndex=0
  firstField=[[TESTDIR]]\controller\Marymoor.ocd
  code=r, value=1
  code=s, value=1
  code=x, value=0
  code=y, value=0
  code=a, value=0
  code=u, value=0
  code=v, value=0

